// Jest Snapshot v1, https://goo.gl/fbAQLP

exports[`delete.handler Should remove a loan 1`] = `"{\\"statusCode\\":200,\\"headers\\":{}}"`;
